     1                                  %include 'stud_io.inc'
     1                              <1> ;; File stud_io.inc for both Linux and FreeBSD.
     2                              <1> ;;
     3                              <1> ;; Copyright (c) Andrey Vikt. Stolyarov, 2009, 2015, 2017, 2021
     4                              <1> ;;
     5                              <1> ;; I, the author, hereby grant everyone the right to use this file for any
     6                              <1> ;; purpose, in any manner, in it's original or modified form, provided that
     7                              <1> ;; modified versions are clearly marked as such AND the original author's
     8                              <1> ;; copyright notice is kept along with the other authors' copyright notices
     9                              <1> ;; as appropriate within the file.
    10                              <1> ;;
    11                              <1> ;; Only the file as such must retain the copyright notice.  Programs created
    12                              <1> ;; using this file (e.g. binaries) don't need to have any mentions of the fact
    13                              <1> ;; this file was used to create them.
    14                              <1> ;;
    15                              <1> ;; This file is provided as is, with absolutely NO WARRANTY, and this
    16                              <1> ;; statement must be taken literally: "NO" means "NO", period.  Please be
    17                              <1> ;; sure to search Internet for various types of warranty (e.g., implied,
    18                              <1> ;; hidden, etc) and take into account that you don't have them all.
    19                              <1> ;;
    20                              <1> 
    21                              <1> %define STUD_IO_LINUX
    22                              <1> ;%define STUD_IO_FREEBSD
    23                              <1> 
    24                              <1> ;;;;;;;;;;;;;;;;;;;;;;;;;;;;;;;;;;;;;;;;;;;;;;;;;;;;;;;;;;;;;;;;;
    25                              <1> ;; system dependend part
    26                              <1> 
    27                              <1> %ifdef STUD_IO_LINUX
    28                              <1> 
    29                              <1> ; generic 3-param syscall
    30                              <1> %macro _syscall_3 4
    31                              <1> 	push edx
    32                              <1> 	push ecx
    33                              <1> 	push ebx ; it is senseless to save eax as it holds the return
    34                              <1> 	push %1
    35                              <1> 	push %2
    36                              <1> 	push %3
    37                              <1> 	push %4
    38                              <1> 	pop edx
    39                              <1> 	pop ecx
    40                              <1> 	pop ebx
    41                              <1> 	pop eax
    42                              <1> 	int 0x80
    43                              <1> 	pop ebx
    44                              <1> 	pop ecx
    45                              <1> 	pop edx
    46                              <1> %endmacro
    47                              <1> 
    48                              <1> ; syscall_exit is the only syscall we use that has 1 parameter
    49                              <1> %macro _syscall_exit 1
    50                              <1> 	mov ebx, %1	; exit code
    51                              <1> 	mov eax, 1	; 1 = sys_exit
    52                              <1> 	int 0x80
    53                              <1> %endmacro
    54                              <1> 
    55                              <1> %elifdef STUD_IO_FREEBSD
    56                              <1> 
    57                              <1> ; generic 3-param syscall
    58                              <1> %macro _syscall_3 4
    59                              <1> 	push	%4
    60                              <1> 	push	%3
    61                              <1> 	push	%2
    62                              <1> 	mov	eax, %1
    63                              <1> 	push	eax
    64                              <1> 	int	0x80
    65                              <1> 	add	esp, 16
    66                              <1> %endmacro
    67                              <1> 
    68                              <1> %macro _syscall_exit 1
    69                              <1> 	push	%1	; exit code
    70                              <1> 	mov	eax, 1	; 1 = sys_exit
    71                              <1> 	push	eax
    72                              <1> 	int	0x80
    73                              <1> 	; no cleanup - this will never return anyway
    74                              <1> %endmacro
    75                              <1> 
    76                              <1> %else
    77                              <1> %error You must define either STUD_IO_LINUX or STUD_IO_FREEBSD
    78                              <1> %endif
    79                              <1> 
    80                              <1> ;; system dependent part ends here
    81                              <1> ;;;;;;;;;;;;;;;;;;;;;;;;;;;;;;;;;;;;;;;;;;;;;;;;;;;;;;;;;;;;;;;;;
    82                              <1> 
    83                              <1> ; %1: descriptor   %2: buffer addr   %3: buffer length
    84                              <1> ; output: eax: read bytes
    85                              <1> %macro _syscall_read 3
    86                              <1> 	_syscall_3 3,%1,%2,%3
    87                              <1> %endmacro
    88                              <1> 
    89                              <1> ; %1: descriptor   %2: buffer addr   %3: buffer length
    90                              <1> ; output: eax: written bytes
    91                              <1> %macro _syscall_write 3
    92                              <1> 	_syscall_3 4,%1,%2,%3
    93                              <1> %endmacro
    94                              <1> 
    95                              <1> ;;;;;;;;;;;;;;;;;;;;;;;;;;;;;;;;;;
    96                              <1> %macro 	PRINT 1
    97                              <1> 	pusha
    98                              <1> 	pushf
    99                              <1> 	jmp %%astr
   100                              <1> %%str	db	%1
   101                              <1> %%strln	equ	$-%%str
   102                              <1> %%astr:	_syscall_write 1, %%str, %%strln
   103                              <1> 	popf
   104                              <1> 	popa
   105                              <1> %endmacro
   106                              <1> 
   107                              <1> ;;;;;;;;;;;;;;;;;;;;;;;;;;;;;;;;;;
   108                              <1> %macro	PUTCHAR 1
   109                              <1> 	pusha
   110                              <1> 	pushf
   111                              <1> %ifstr %1
   112                              <1> 	mov	al, %1
   113                              <1> %elifnum %1
   114                              <1> 	mov	al, %1
   115                              <1> %elifidni %1,al
   116                              <1> 	nop
   117                              <1> %elifidni %1,ah
   118                              <1> 	mov	al, ah
   119                              <1> %elifidni %1,bl
   120                              <1> 	mov	al, bl
   121                              <1> %elifidni %1,bh
   122                              <1> 	mov	al, bh
   123                              <1> %elifidni %1,cl
   124                              <1> 	mov	al, cl
   125                              <1> %elifidni %1,ch
   126                              <1> 	mov	al, ch
   127                              <1> %elifidni %1,dl
   128                              <1> 	mov	al, dl
   129                              <1> %elifidni %1,dh
   130                              <1> 	mov	al, dh
   131                              <1> %else
   132                              <1> 	mov	al, %1  ; let's hope it is a memory location such as [var]
   133                              <1> %endif
   134                              <1> 	sub	esp, 4  ; reserve memory for buffer
   135                              <1> 	mov	edi, esp
   136                              <1> 	mov	[edi], al
   137                              <1> 	_syscall_write 1, edi, 1
   138                              <1> 	add	esp, 4
   139                              <1> 	popf
   140                              <1> 	popa
   141                              <1> %endmacro
   142                              <1> 
   143                              <1> ;;;;;;;;;;;;;;;;;;;;;;;;;;;;;;;;;;
   144                              <1> %macro	GETCHAR 0
   145                              <1> 	pushf
   146                              <1> 	push	edi
   147                              <1> 	sub	esp, 4
   148                              <1> 	mov	edi, esp
   149                              <1> 	_syscall_read 0, edi, 1
   150                              <1> 	cmp	eax, 1
   151                              <1> 	jne	%%eof_reached
   152                              <1> 	xor	eax, eax
   153                              <1> 	mov	al, [edi]
   154                              <1> 	jmp	%%gcquit
   155                              <1> %%eof_reached:
   156                              <1> 	xor	eax, eax
   157                              <1> 	not	eax 		; eax := -1
   158                              <1> %%gcquit:
   159                              <1> 	add	esp, 4
   160                              <1> 	pop	edi
   161                              <1> 	popf
   162                              <1> %endmacro
   163                              <1> 
   164                              <1> ;;;;;;;;;;;;;;;;;;;;;;;;;;;;;;;;;;
   165                              <1> %macro FINISH 0-1 0
   166                              <1> 	_syscall_exit %1
   167                              <1> %endmacro
     2                                  global _start
     3                                  ; notice:
     4                                  ; i use ebp how good tone
     5                                  ; in this tasks ebp don`t needed, because not use recurs
     6                                  ; but for experience i use it
     7                                  section .text
     8                                  
     9                                  ;
    10                                  ; first parameter is pointer to start string
    11                                  ; second parameter is length of string
    12                                  ; eax use to return integer (result)
    13                                  ; cl use to notice of errors
    14                                  strtoint:
    15 00000000 55                              push ebp
    16 00000001 89E5                            mov ebp, esp
    17 00000003 53                              push ebx    ; use for multiply
    18 00000004 BB0A000000                      mov ebx, 10
    19 00000009 31C9                            xor ecx, ecx
    20 0000000B 56                              push esi
    21 0000000C 8B7508                          mov esi, [ebp+8]
    22 0000000F 57                              push edi
    23 00000010 8B7D0C                          mov edi, [ebp+12]
    24                                          ; because act with memory it`s slow
    25                                          ; and it`s destroy original value
    26                                  .loop:  
    27                                          ; in this case ecx use for temp storage for result 
    28 00000013 85FF                            test edi, edi
    29 00000015 741F                            jz .quit
    30 00000017 89C8                            mov eax, ecx
    31 00000019 F7E3                            mul ebx
    32 0000001B 89C1                            mov ecx, eax
    33 0000001D 31C0                            xor eax, eax
    34 0000001F 8A06                            mov al, [esi]
    35 00000021 3C30                            cmp al, '0'
    36 00000023 720C                            jb .error
    37 00000025 3C39                            cmp al, '9'
    38 00000027 7708                            ja .error
    39 00000029 2C30                            sub al, '0'
    40 0000002B 01C1                            add ecx, eax
    41 0000002D 46                              inc esi
    42 0000002E 4F                              dec edi
    43 0000002F EBE2                            jmp .loop
    44                                  .error: 
    45 00000031 31C9                            xor ecx, ecx
    46 00000033 41                              inc ecx      ; 1 = error
    47 00000034 EB04                            jmp .shit
    48                                  .quit:
    49 00000036 89C8                            mov eax, ecx
    50 00000038 31C9                            xor ecx, ecx
    51 0000003A 5F                      .shit:  pop edi
    52 0000003B 5E                              pop esi
    53 0000003C 5B                              pop ebx
    54 0000003D 5D                              pop ebp
    55 0000003E C3                              ret         ; because it`s convection CDECL
    56                                                      ; don`t use ret N
    57                                  ;;;;;;;;;;;;;;;;;;;;;;;;;;;;;
    58                                  
    59                                  ;
    60                                  ; first parameter is integer
    61                                  ; second parameter is pointer of array with symbols
    62                                  ; eax return length of string. don`t necessary :)
    63                                  ; 
    64                                  inttostr:
    65 0000003F 55                              push ebp
    66 00000040 89E5                            mov ebp, esp
    67 00000042 53                              push ebx        ; use for divided
    68 00000043 BB0A000000                      mov ebx, 10
    69 00000048 8B4508                          mov eax, [ebp+8]
    70 0000004B 31C9                            xor ecx, ecx
    71 0000004D 6A00                            push dword 0
    72 0000004F EB04                            jmp .do
    73                                  .start:
    74 00000051 85C0                            test eax, eax
    75 00000053 740A                            jz .filing
    76                                          ;12 /10 =1.2
    77                                          ;1/10=0.1
    78                                          ;21=12
    79 00000055 31D2                    .do:    xor edx, edx
    80 00000057 F7F3                            div ebx
    81 00000059 83C230                          add edx, '0'
    82 0000005C 52                              push edx
    83 0000005D EBF2                            jmp .start
    84                                  .filing:
    85 0000005F 8B450C                          mov eax, [ebp+12]
    86 00000062 5A                      .loop:  pop edx
    87 00000063 8810                            mov [eax], dl
    88 00000065 85D2                            test edx, edx
    89 00000067 7403                            jz .quit
    90 00000069 40                              inc eax
    91 0000006A EBF6                            jmp .loop
    92                                  .quit:
    93 0000006C 5B                              pop ebx
    94 0000006D 5D                              pop ebp
    95 0000006E C3                              ret
    96                                  
    97                                  ;;;;;;;;;;;;;;;;;;;;;;;;;;;;;
    98                                  
    99                                  ;
   100                                  ; ATTENTION: this procedure don`t use counter
   101                                  ; only zero byte (C-like style)
   102                                  ; first parameter is pointer on start of string
   103                                  ; don`t return value.
   104                                  printing_arr:
   105 0000006F 55                              push ebp
   106 00000070 89E5                            mov ebp, esp
   107 00000072 8B5508                          mov edx, [ebp+8]
   108                                  .loop:
   109 00000075 8A02                            mov al, [edx]
   110 00000077 84C0                            test al, al
   111 00000079 7425                            jz .quit
   112                                          PUTCHAR al
   109 0000007B 60                  <1>  pusha
   110 0000007C 9C                  <1>  pushf
   111                              <1> %ifstr %1
   112                              <1>  mov al, %1
   113                              <1> %elifnum %1
   114                              <1>  mov al, %1
   115                              <1> %elifidni %1,al
   116 0000007D 90                  <1>  nop
   117                              <1> %elifidni %1,ah
   118                              <1>  mov al, ah
   119                              <1> %elifidni %1,bl
   120                              <1>  mov al, bl
   121                              <1> %elifidni %1,bh
   122                              <1>  mov al, bh
   123                              <1> %elifidni %1,cl
   124                              <1>  mov al, cl
   125                              <1> %elifidni %1,ch
   126                              <1>  mov al, ch
   127                              <1> %elifidni %1,dl
   128                              <1>  mov al, dl
   129                              <1> %elifidni %1,dh
   130                              <1>  mov al, dh
   131                              <1> %else
   132                              <1>  mov al, %1
   133                              <1> %endif
   134 0000007E 83EC04              <1>  sub esp, 4
   135 00000081 89E7                <1>  mov edi, esp
   136 00000083 8807                <1>  mov [edi], al
   137                              <1>  _syscall_write 1, edi, 1
    92                              <2>  _syscall_3 4,%1,%2,%3
    31 00000085 52                  <3>  push edx
    32 00000086 51                  <3>  push ecx
    33 00000087 53                  <3>  push ebx
    34 00000088 6A04                <3>  push %1
    35 0000008A 6A01                <3>  push %2
    36 0000008C 57                  <3>  push %3
    37 0000008D 6A01                <3>  push %4
    38 0000008F 5A                  <3>  pop edx
    39 00000090 59                  <3>  pop ecx
    40 00000091 5B                  <3>  pop ebx
    41 00000092 58                  <3>  pop eax
    42 00000093 CD80                <3>  int 0x80
    43 00000095 5B                  <3>  pop ebx
    44 00000096 59                  <3>  pop ecx
    45 00000097 5A                  <3>  pop edx
   138 00000098 83C404              <1>  add esp, 4
   139 0000009B 9D                  <1>  popf
   140 0000009C 61                  <1>  popa
   113 0000009D 42                              inc edx
   114 0000009E EBD5                            jmp .loop
   115                                  .quit:
   116 000000A0 5D                              pop ebp
   117 000000A1 C3                              ret
   118                                  
   119                                  ;;;;;;;;;;;;;;;;;;;;;;;;;;;;;
   120                                  ;
   121                                  ; ATTENTION: this procedure use counter (pascal-like style)
   122                                  ; first parameter is pointer on start of string
   123                                  ; second parameter is count of string
   124                                  ; eax
   125                                  ; cl
   126                                  printing_arr_with_length:
   127 000000A2 55                              push ebp
   128 000000A3 89E5                            mov ebp, esp
   129 000000A5 8B5508                          mov edx, [ebp+8]
   130 000000A8 8B4D0C                          mov ecx, [ebp+12]
   131                                  .loop:
   132 000000AB 85C9                            test ecx, ecx
   133 000000AD 7428                            jz .quit
   134 000000AF 8A02                            mov al, [edx]
   135                                          PUTCHAR al
   109 000000B1 60                  <1>  pusha
   110 000000B2 9C                  <1>  pushf
   111                              <1> %ifstr %1
   112                              <1>  mov al, %1
   113                              <1> %elifnum %1
   114                              <1>  mov al, %1
   115                              <1> %elifidni %1,al
   116 000000B3 90                  <1>  nop
   117                              <1> %elifidni %1,ah
   118                              <1>  mov al, ah
   119                              <1> %elifidni %1,bl
   120                              <1>  mov al, bl
   121                              <1> %elifidni %1,bh
   122                              <1>  mov al, bh
   123                              <1> %elifidni %1,cl
   124                              <1>  mov al, cl
   125                              <1> %elifidni %1,ch
   126                              <1>  mov al, ch
   127                              <1> %elifidni %1,dl
   128                              <1>  mov al, dl
   129                              <1> %elifidni %1,dh
   130                              <1>  mov al, dh
   131                              <1> %else
   132                              <1>  mov al, %1
   133                              <1> %endif
   134 000000B4 83EC04              <1>  sub esp, 4
   135 000000B7 89E7                <1>  mov edi, esp
   136 000000B9 8807                <1>  mov [edi], al
   137                              <1>  _syscall_write 1, edi, 1
    92                              <2>  _syscall_3 4,%1,%2,%3
    31 000000BB 52                  <3>  push edx
    32 000000BC 51                  <3>  push ecx
    33 000000BD 53                  <3>  push ebx
    34 000000BE 6A04                <3>  push %1
    35 000000C0 6A01                <3>  push %2
    36 000000C2 57                  <3>  push %3
    37 000000C3 6A01                <3>  push %4
    38 000000C5 5A                  <3>  pop edx
    39 000000C6 59                  <3>  pop ecx
    40 000000C7 5B                  <3>  pop ebx
    41 000000C8 58                  <3>  pop eax
    42 000000C9 CD80                <3>  int 0x80
    43 000000CB 5B                  <3>  pop ebx
    44 000000CC 59                  <3>  pop ecx
    45 000000CD 5A                  <3>  pop edx
   138 000000CE 83C404              <1>  add esp, 4
   139 000000D1 9D                  <1>  popf
   140 000000D2 61                  <1>  popa
   136 000000D3 42                              inc edx
   137 000000D4 49                              dec ecx
   138 000000D5 EBD4                            jmp .loop
   139                                  .quit:
   140 000000D7 5D                              pop ebp
   141 000000D8 C3                              ret
   142                                  
   143                                  ;;;;;;;;;;;;;;;;;;;;;;;;;;;;;
   144                                  
   145                                  ;
   146                                  ; first parameter is pointer of array
   147                                  ; second parameter is size of array
   148                                  ; eax return value for diagnostic (last symbol which not character)
   149                                  ; ecx return size of sequence of symbols
   150                                  readnumbers:
   151 000000D9 55                              push ebp
   152 000000DA 89E5                            mov ebp, esp
   153 000000DC 8B5508                          mov edx, [ebp+8]
   154 000000DF 31C9                            xor ecx, ecx
   155                                  .loop: 
   156                                          GETCHAR
   145 000000E1 9C                  <1>  pushf
   146 000000E2 57                  <1>  push edi
   147 000000E3 83EC04              <1>  sub esp, 4
   148 000000E6 89E7                <1>  mov edi, esp
   149                              <1>  _syscall_read 0, edi, 1
    86                              <2>  _syscall_3 3,%1,%2,%3
    31 000000E8 52                  <3>  push edx
    32 000000E9 51                  <3>  push ecx
    33 000000EA 53                  <3>  push ebx
    34 000000EB 6A03                <3>  push %1
    35 000000ED 6A00                <3>  push %2
    36 000000EF 57                  <3>  push %3
    37 000000F0 6A01                <3>  push %4
    38 000000F2 5A                  <3>  pop edx
    39 000000F3 59                  <3>  pop ecx
    40 000000F4 5B                  <3>  pop ebx
    41 000000F5 58                  <3>  pop eax
    42 000000F6 CD80                <3>  int 0x80
    43 000000F8 5B                  <3>  pop ebx
    44 000000F9 59                  <3>  pop ecx
    45 000000FA 5A                  <3>  pop edx
   150 000000FB 83F801              <1>  cmp eax, 1
   151 000000FE 7506                <1>  jne %%eof_reached
   152 00000100 31C0                <1>  xor eax, eax
   153 00000102 8A07                <1>  mov al, [edi]
   154 00000104 EB04                <1>  jmp %%gcquit
   155                              <1> %%eof_reached:
   156 00000106 31C0                <1>  xor eax, eax
   157 00000108 F7D0                <1>  not eax
   158                              <1> %%gcquit:
   159 0000010A 83C404              <1>  add esp, 4
   160 0000010D 5F                  <1>  pop edi
   161 0000010E 9D                  <1>  popf
   157 0000010F 83F830                          cmp eax, '0'
   158 00000112 7212                            jb .quit
   159 00000114 83F839                          cmp eax, '9'
   160 00000117 770D                            ja .quit
   161 00000119 41                              inc ecx
   162 0000011A 3B4D0C                          cmp ecx, [ebp+12]
   163 0000011D 7705                            ja .error
   164 0000011F 8802                            mov [edx], al
   165 00000121 42                              inc edx
   166 00000122 EBBD                            jmp .loop
   167                                  .error:
   168 00000124 31C0                            xor eax, eax    ; if eax = 0 it`s overflow
   169                                  .quit:
   170 00000126 C60200                          mov byte [edx], 0
   171 00000129 5D                              pop ebp
   172 0000012A C3                              ret
   173                                  
   174                                  ;;;;;;;;;;;;;;;;;;;;;;;;;;;;;
   175                                  
   176                                  FATALerror:
   177 0000012B 83EC04                          sub esp, 4
   178                                  error:  PRINT 'ERROR!!!'
   178                              <1> error: 
    97 0000012E 60                  <1>  pusha
    98 0000012F 9C                  <1>  pushf
    99 00000130 EB08                <1>  jmp %%astr
   100 00000132 4552524F52212121    <1> %%str db %1
   101                              <1> %%strln equ $-%%str
   102                              <1> %%astr: _syscall_write 1, %%str, %%strln
   102                              <2> ..@11.astr: 
    92                              <2>  _syscall_3 4,%1,%2,%3
    31 0000013A 52                  <3>  push edx
    32 0000013B 51                  <3>  push ecx
    33 0000013C 53                  <3>  push ebx
    34 0000013D 6A04                <3>  push %1
    35 0000013F 6A01                <3>  push %2
    36 00000141 68[32010000]        <3>  push %3
    37 00000146 6A08                <3>  push %4
    38 00000148 5A                  <3>  pop edx
    39 00000149 59                  <3>  pop ecx
    40 0000014A 5B                  <3>  pop ebx
    41 0000014B 58                  <3>  pop eax
    42 0000014C CD80                <3>  int 0x80
    43 0000014E 5B                  <3>  pop ebx
    44 0000014F 59                  <3>  pop ecx
    45 00000150 5A                  <3>  pop edx
   103 00000151 9D                  <1>  popf
   104 00000152 61                  <1>  popa
   179                                          PUTCHAR 10
   109 00000153 60                  <1>  pusha
   110 00000154 9C                  <1>  pushf
   111                              <1> %ifstr %1
   112                              <1>  mov al, %1
   113                              <1> %elifnum %1
   114 00000155 B00A                <1>  mov al, %1
   115                              <1> %elifidni %1,al
   116                              <1>  nop
   117                              <1> %elifidni %1,ah
   118                              <1>  mov al, ah
   119                              <1> %elifidni %1,bl
   120                              <1>  mov al, bl
   121                              <1> %elifidni %1,bh
   122                              <1>  mov al, bh
   123                              <1> %elifidni %1,cl
   124                              <1>  mov al, cl
   125                              <1> %elifidni %1,ch
   126                              <1>  mov al, ch
   127                              <1> %elifidni %1,dl
   128                              <1>  mov al, dl
   129                              <1> %elifidni %1,dh
   130                              <1>  mov al, dh
   131                              <1> %else
   132                              <1>  mov al, %1
   133                              <1> %endif
   134 00000157 83EC04              <1>  sub esp, 4
   135 0000015A 89E7                <1>  mov edi, esp
   136 0000015C 8807                <1>  mov [edi], al
   137                              <1>  _syscall_write 1, edi, 1
    92                              <2>  _syscall_3 4,%1,%2,%3
    31 0000015E 52                  <3>  push edx
    32 0000015F 51                  <3>  push ecx
    33 00000160 53                  <3>  push ebx
    34 00000161 6A04                <3>  push %1
    35 00000163 6A01                <3>  push %2
    36 00000165 57                  <3>  push %3
    37 00000166 6A01                <3>  push %4
    38 00000168 5A                  <3>  pop edx
    39 00000169 59                  <3>  pop ecx
    40 0000016A 5B                  <3>  pop ebx
    41 0000016B 58                  <3>  pop eax
    42 0000016C CD80                <3>  int 0x80
    43 0000016E 5B                  <3>  pop ebx
    44 0000016F 59                  <3>  pop ecx
    45 00000170 5A                  <3>  pop edx
   138 00000171 83C404              <1>  add esp, 4
   139 00000174 9D                  <1>  popf
   140 00000175 61                  <1>  popa
   180 00000176 EB02                            jmp loop
   181                                  ; MAIN PROGRAM
   182 00000178 31ED                    _start: xor ebp, ebp
   183                                  loop:   
   184 0000017A 31FF                            xor edi, edi
   185 0000017C 47                              inc edi
   186 0000017D 6A0B                            push dword 11
   187 0000017F 68[00000000]                    push dword firnum
   188 00000184 E850FFFFFF                      call readnumbers
   189 00000189 83C408                          add esp, 8
   190 0000018C 85C0                            test eax, eax
   191 0000018E 0F8899010000                    js quit
   192 00000194 85C9                            test ecx, ecx
   193 00000196 7496                            jz error
   194 00000198 83F820                          cmp eax, ' '
   195 0000019B 7591                            jne error
   196 0000019D 51                              push ecx    ; for remember about length
   197 0000019E 6A0B                            push dword 11
   198 000001A0 68[0B000000]                    push secnum
   199 000001A5 E82FFFFFFF                      call readnumbers
   200 000001AA 83C408                          add esp, 8
   201 000001AD 85C9                            test ecx, ecx
   202 000001AF 0F8476FFFFFF                    jz FATALerror
   203 000001B5 85C0                            test eax, eax
   204 000001B7 7929                            jns notOver
   205 000001B9 45                              inc ebp
   206 000001BA B80A000000                      mov eax, 10
   207                                          PUTCHAR 10
   109 000001BF 60                  <1>  pusha
   110 000001C0 9C                  <1>  pushf
   111                              <1> %ifstr %1
   112                              <1>  mov al, %1
   113                              <1> %elifnum %1
   114 000001C1 B00A                <1>  mov al, %1
   115                              <1> %elifidni %1,al
   116                              <1>  nop
   117                              <1> %elifidni %1,ah
   118                              <1>  mov al, ah
   119                              <1> %elifidni %1,bl
   120                              <1>  mov al, bl
   121                              <1> %elifidni %1,bh
   122                              <1>  mov al, bh
   123                              <1> %elifidni %1,cl
   124                              <1>  mov al, cl
   125                              <1> %elifidni %1,ch
   126                              <1>  mov al, ch
   127                              <1> %elifidni %1,dl
   128                              <1>  mov al, dl
   129                              <1> %elifidni %1,dh
   130                              <1>  mov al, dh
   131                              <1> %else
   132                              <1>  mov al, %1
   133                              <1> %endif
   134 000001C3 83EC04              <1>  sub esp, 4
   135 000001C6 89E7                <1>  mov edi, esp
   136 000001C8 8807                <1>  mov [edi], al
   137                              <1>  _syscall_write 1, edi, 1
    92                              <2>  _syscall_3 4,%1,%2,%3
    31 000001CA 52                  <3>  push edx
    32 000001CB 51                  <3>  push ecx
    33 000001CC 53                  <3>  push ebx
    34 000001CD 6A04                <3>  push %1
    35 000001CF 6A01                <3>  push %2
    36 000001D1 57                  <3>  push %3
    37 000001D2 6A01                <3>  push %4
    38 000001D4 5A                  <3>  pop edx
    39 000001D5 59                  <3>  pop ecx
    40 000001D6 5B                  <3>  pop ebx
    41 000001D7 58                  <3>  pop eax
    42 000001D8 CD80                <3>  int 0x80
    43 000001DA 5B                  <3>  pop ebx
    44 000001DB 59                  <3>  pop ecx
    45 000001DC 5A                  <3>  pop edx
   138 000001DD 83C404              <1>  add esp, 4
   139 000001E0 9D                  <1>  popf
   140 000001E1 61                  <1>  popa
   208 000001E2 83F80A                  notOver:cmp eax, 10
   209 000001E5 0F8540FFFFFF                    jne FATALerror
   210 000001EB 51                              push ecx 
   211 000001EC 68[0B000000]                    push secnum
   212 000001F1 E80AFEFFFF                      call strtoint
   213 000001F6 83C408                          add esp, 8
   214 000001F9 84C9                            test cl, cl
   215 000001FB 0F852DFFFFFF                    jnz error
   216 00000201 89C3                            mov ebx, eax
   217 00000203 59                              pop ecx
   218 00000204 51                              push ecx
   219 00000205 68[00000000]                    push firnum
   220 0000020A E8F1FDFFFF                      call strtoint
   221 0000020F 83C408                          add esp, 8
   222 00000212 85C9                            test ecx, ecx
   223 00000214 0F8514FFFFFF                    jnz error
   224                                          PRINT 'a + b = '
    97 0000021A 60                  <1>  pusha
    98 0000021B 9C                  <1>  pushf
    99 0000021C EB08                <1>  jmp %%astr
   100 0000021E 61202B2062203D20    <1> %%str db %1
   101                              <1> %%strln equ $-%%str
   102                              <1> %%astr: _syscall_write 1, %%str, %%strln
   102                              <2> ..@20.astr: 
    92                              <2>  _syscall_3 4,%1,%2,%3
    31 00000226 52                  <3>  push edx
    32 00000227 51                  <3>  push ecx
    33 00000228 53                  <3>  push ebx
    34 00000229 6A04                <3>  push %1
    35 0000022B 6A01                <3>  push %2
    36 0000022D 68[1E020000]        <3>  push %3
    37 00000232 6A08                <3>  push %4
    38 00000234 5A                  <3>  pop edx
    39 00000235 59                  <3>  pop ecx
    40 00000236 5B                  <3>  pop ebx
    41 00000237 58                  <3>  pop eax
    42 00000238 CD80                <3>  int 0x80
    43 0000023A 5B                  <3>  pop ebx
    44 0000023B 59                  <3>  pop ecx
    45 0000023C 5A                  <3>  pop edx
   103 0000023D 9D                  <1>  popf
   104 0000023E 61                  <1>  popa
   225 0000023F 50                              push eax
   226 00000240 01D8                            add eax, ebx
   227                                  formating:
   228 00000242 68[16000000]                    push dword resnum
   229 00000247 50                              push eax
   230 00000248 E8F2FDFFFF                      call inttostr
   231                                  
   232                                          ; FIRST PARAMETER FOR NEXT STEP IN STACK. IN PAST STEP WE DON`T ERASE IT
   233 0000024D 83C404                          add esp, 4
   234                                          ; FIRST PARAMETER FOR NEXT STEP IN STACK. IN PAST STEP WE DON`T ERASE IT
   235                                          ; of course, it`s not necessary 
   236                                  
   237 00000250 E81AFEFFFF                      call printing_arr
   238 00000255 83C404                          add esp, 4
   239                                          PUTCHAR 10
   109 00000258 60                  <1>  pusha
   110 00000259 9C                  <1>  pushf
   111                              <1> %ifstr %1
   112                              <1>  mov al, %1
   113                              <1> %elifnum %1
   114 0000025A B00A                <1>  mov al, %1
   115                              <1> %elifidni %1,al
   116                              <1>  nop
   117                              <1> %elifidni %1,ah
   118                              <1>  mov al, ah
   119                              <1> %elifidni %1,bl
   120                              <1>  mov al, bl
   121                              <1> %elifidni %1,bh
   122                              <1>  mov al, bh
   123                              <1> %elifidni %1,cl
   124                              <1>  mov al, cl
   125                              <1> %elifidni %1,ch
   126                              <1>  mov al, ch
   127                              <1> %elifidni %1,dl
   128                              <1>  mov al, dl
   129                              <1> %elifidni %1,dh
   130                              <1>  mov al, dh
   131                              <1> %else
   132                              <1>  mov al, %1
   133                              <1> %endif
   134 0000025C 83EC04              <1>  sub esp, 4
   135 0000025F 89E7                <1>  mov edi, esp
   136 00000261 8807                <1>  mov [edi], al
   137                              <1>  _syscall_write 1, edi, 1
    92                              <2>  _syscall_3 4,%1,%2,%3
    31 00000263 52                  <3>  push edx
    32 00000264 51                  <3>  push ecx
    33 00000265 53                  <3>  push ebx
    34 00000266 6A04                <3>  push %1
    35 00000268 6A01                <3>  push %2
    36 0000026A 57                  <3>  push %3
    37 0000026B 6A01                <3>  push %4
    38 0000026D 5A                  <3>  pop edx
    39 0000026E 59                  <3>  pop ecx
    40 0000026F 5B                  <3>  pop ebx
    41 00000270 58                  <3>  pop eax
    42 00000271 CD80                <3>  int 0x80
    43 00000273 5B                  <3>  pop ebx
    44 00000274 59                  <3>  pop ecx
    45 00000275 5A                  <3>  pop edx
   138 00000276 83C404              <1>  add esp, 4
   139 00000279 9D                  <1>  popf
   140 0000027A 61                  <1>  popa
   240 0000027B 58                              pop eax
   241 0000027C 50                              push eax
   242 0000027D 85FF                            test edi, edi
   243 0000027F 7439                            jz multi
   244 00000281 7867                            js divided
   245 00000283 81FF2B020000                    cmp edi, 555
   246 00000289 0F8496000000                    je exit
   247                                          PRINT 'a - b = '
    97 0000028F 60                  <1>  pusha
    98 00000290 9C                  <1>  pushf
    99 00000291 EB08                <1>  jmp %%astr
   100 00000293 61202D2062203D20    <1> %%str db %1
   101                              <1> %%strln equ $-%%str
   102                              <1> %%astr: _syscall_write 1, %%str, %%strln
   102                              <2> ..@26.astr: 
    92                              <2>  _syscall_3 4,%1,%2,%3
    31 0000029B 52                  <3>  push edx
    32 0000029C 51                  <3>  push ecx
    33 0000029D 53                  <3>  push ebx
    34 0000029E 6A04                <3>  push %1
    35 000002A0 6A01                <3>  push %2
    36 000002A2 68[93020000]        <3>  push %3
    37 000002A7 6A08                <3>  push %4
    38 000002A9 5A                  <3>  pop edx
    39 000002AA 59                  <3>  pop ecx
    40 000002AB 5B                  <3>  pop ebx
    41 000002AC 58                  <3>  pop eax
    42 000002AD CD80                <3>  int 0x80
    43 000002AF 5B                  <3>  pop ebx
    44 000002B0 59                  <3>  pop ecx
    45 000002B1 5A                  <3>  pop edx
   103 000002B2 9D                  <1>  popf
   104 000002B3 61                  <1>  popa
   248 000002B4 29D8                            sub eax, ebx
   249 000002B6 31FF                            xor edi, edi
   250 000002B8 EB88                            jmp formating
   251                                  multi:
   252                                          PRINT 'a * b = '
    97 000002BA 60                  <1>  pusha
    98 000002BB 9C                  <1>  pushf
    99 000002BC EB08                <1>  jmp %%astr
   100 000002BE 61202A2062203D20    <1> %%str db %1
   101                              <1> %%strln equ $-%%str
   102                              <1> %%astr: _syscall_write 1, %%str, %%strln
   102                              <2> ..@29.astr: 
    92                              <2>  _syscall_3 4,%1,%2,%3
    31 000002C6 52                  <3>  push edx
    32 000002C7 51                  <3>  push ecx
    33 000002C8 53                  <3>  push ebx
    34 000002C9 6A04                <3>  push %1
    35 000002CB 6A01                <3>  push %2
    36 000002CD 68[BE020000]        <3>  push %3
    37 000002D2 6A08                <3>  push %4
    38 000002D4 5A                  <3>  pop edx
    39 000002D5 59                  <3>  pop ecx
    40 000002D6 5B                  <3>  pop ebx
    41 000002D7 58                  <3>  pop eax
    42 000002D8 CD80                <3>  int 0x80
    43 000002DA 5B                  <3>  pop ebx
    44 000002DB 59                  <3>  pop ecx
    45 000002DC 5A                  <3>  pop edx
   103 000002DD 9D                  <1>  popf
   104 000002DE 61                  <1>  popa
   253 000002DF 31D2                            xor edx, edx
   254 000002E1 F7E3                            mul ebx
   255 000002E3 F7D7                            not edi
   256 000002E5 E958FFFFFF                      jmp formating
   257                                  divided:
   258                                          PRINT 'a / b = '
    97 000002EA 60                  <1>  pusha
    98 000002EB 9C                  <1>  pushf
    99 000002EC EB08                <1>  jmp %%astr
   100 000002EE 61202F2062203D20    <1> %%str db %1
   101                              <1> %%strln equ $-%%str
   102                              <1> %%astr: _syscall_write 1, %%str, %%strln
   102                              <2> ..@32.astr: 
    92                              <2>  _syscall_3 4,%1,%2,%3
    31 000002F6 52                  <3>  push edx
    32 000002F7 51                  <3>  push ecx
    33 000002F8 53                  <3>  push ebx
    34 000002F9 6A04                <3>  push %1
    35 000002FB 6A01                <3>  push %2
    36 000002FD 68[EE020000]        <3>  push %3
    37 00000302 6A08                <3>  push %4
    38 00000304 5A                  <3>  pop edx
    39 00000305 59                  <3>  pop ecx
    40 00000306 5B                  <3>  pop ebx
    41 00000307 58                  <3>  pop eax
    42 00000308 CD80                <3>  int 0x80
    43 0000030A 5B                  <3>  pop ebx
    44 0000030B 59                  <3>  pop ecx
    45 0000030C 5A                  <3>  pop edx
   103 0000030D 9D                  <1>  popf
   104 0000030E 61                  <1>  popa
   259 0000030F 31D2                            xor edx, edx
   260 00000311 85DB                            test ebx, ebx
   261 00000313 0F8415FEFFFF                    jz error
   262 00000319 F7F3                            div ebx
   263 0000031B BF2B020000                      mov edi, 555
   264 00000320 E91DFFFFFF                      jmp formating
   265                                  exit:
   266 00000325 85ED                            test ebp, ebp
   267 00000327 0F844DFEFFFF                    jz loop
   268                                  quit:   PUTCHAR 10
   268                              <1> quit: 
   109 0000032D 60                  <1>  pusha
   110 0000032E 9C                  <1>  pushf
   111                              <1> %ifstr %1
   112                              <1>  mov al, %1
   113                              <1> %elifnum %1
   114 0000032F B00A                <1>  mov al, %1
   115                              <1> %elifidni %1,al
   116                              <1>  nop
   117                              <1> %elifidni %1,ah
   118                              <1>  mov al, ah
   119                              <1> %elifidni %1,bl
   120                              <1>  mov al, bl
   121                              <1> %elifidni %1,bh
   122                              <1>  mov al, bh
   123                              <1> %elifidni %1,cl
   124                              <1>  mov al, cl
   125                              <1> %elifidni %1,ch
   126                              <1>  mov al, ch
   127                              <1> %elifidni %1,dl
   128                              <1>  mov al, dl
   129                              <1> %elifidni %1,dh
   130                              <1>  mov al, dh
   131                              <1> %else
   132                              <1>  mov al, %1
   133                              <1> %endif
   134 00000331 83EC04              <1>  sub esp, 4
   135 00000334 89E7                <1>  mov edi, esp
   136 00000336 8807                <1>  mov [edi], al
   137                              <1>  _syscall_write 1, edi, 1
    92                              <2>  _syscall_3 4,%1,%2,%3
    31 00000338 52                  <3>  push edx
    32 00000339 51                  <3>  push ecx
    33 0000033A 53                  <3>  push ebx
    34 0000033B 6A04                <3>  push %1
    35 0000033D 6A01                <3>  push %2
    36 0000033F 57                  <3>  push %3
    37 00000340 6A01                <3>  push %4
    38 00000342 5A                  <3>  pop edx
    39 00000343 59                  <3>  pop ecx
    40 00000344 5B                  <3>  pop ebx
    41 00000345 58                  <3>  pop eax
    42 00000346 CD80                <3>  int 0x80
    43 00000348 5B                  <3>  pop ebx
    44 00000349 59                  <3>  pop ecx
    45 0000034A 5A                  <3>  pop edx
   138 0000034B 83C404              <1>  add esp, 4
   139 0000034E 9D                  <1>  popf
   140 0000034F 61                  <1>  popa
   269                                          FINISH
   166                              <1>  _syscall_exit %1
    50 00000350 BB00000000          <2>  mov ebx, %1
    51 00000355 B801000000          <2>  mov eax, 1
    52 0000035A CD80                <2>  int 0x80
   270                                          
   271                                  section .bss
   272 00000000 <res Bh>                firnum resb 11
   273 0000000B <res Bh>                secnum resb 11
   274 00000016 <res Bh>                resnum resb 11
